<html>
<body>
<pre>
<h1>µVision Build Log</h1>
<h2>Tool Versions:</h2>
IDE-Version: µVision V5.37.0.0
Copyright (C) 2022 ARM Ltd and ARM Germany GmbH. All rights reserved.
License Information: Ekaterina Avsyanik, BSUIR, LIC=----
 
Tool Versions:
Toolchain:       MDK-Lite  Version: 5.37.0.0
Toolchain Path:  D:\Programs\Keil\ARM\ARMCLANG\Bin
C Compiler:      ArmClang.exe V6.18
Assembler:       Armasm.exe V6.18
Linker/Locator:  ArmLink.exe V6.18
Library Manager: ArmAr.exe V6.18
Hex Converter:   FromElf.exe V6.18
CPU DLL:         SARMCM3.DLL V5.37.0.0
Dialog DLL:      DCM.DLL V1.17.5.0
Target DLL:      STLink\ST-LINKIII-KEIL_SWO.dll V3.0.9.0
Dialog DLL:      TCM.DLL V1.56.1.0
 
<h2>Project:</h2>
D:\__BSUIR__\7_sem\POVS\embeded_system_software\Lab4_5_ComPort\new_shield\MDK-ARM\new_shield.uvprojx
Project File Date:  11/24/2022

<h2>Output:</h2>
*** Using Compiler 'V6.18', folder: 'D:\Programs\Keil\ARM\ARMCLANG\Bin'
Build target 'new_shield'
compiling stm32f1xx_it.c...
compiling stm32f1xx_hal_gpio_ex.c...
compiling stm32f1xx_hal.c...
compiling stm32f1xx_hal_msp.c...
../Core/Src/main.c(89): warning: implicitly declaring library function 'snprintf' with type 'int (char *, unsigned int, const char *, ...)' [-Wimplicit-function-declaration]
                        snprintf(cmd, 50, "%d,%d;\n", dma_buff[1], dma_buff[0]);
                        ^
../Core/Src/main.c(89): note: include the header <stdio.h> or explicitly provide a declaration for 'snprintf'
../Core/Src/main.c(99): warning: implicitly declaring library function 'sscanf' with type 'int (const char *restrict, const char *restrict, ...)' [-Wimplicit-function-declaration]
                        if (sscanf(rx_buffer, "RGB=r:%d,g:%d,b:%d", &r, &g, &b) >= 1) {
                            ^
../Core/Src/main.c(99): note: include the header <stdio.h> or explicitly provide a declaration for 'sscanf'
../Core/Src/main.c(99): warning: passing 'uint8_t[25]' (aka 'unsigned char[25]') to parameter of type 'const char *' converts between pointers to integer types where one is of the unique plain 'char' type and the other is not [-Wpointer-sign]
                        if (sscanf(rx_buffer, "RGB=r:%d,g:%d,b:%d", &r, &g, &b) >= 1) {
                                   ^~~~~~~~~
3 warnings generated.
compiling main.c...
compiling stm32f1xx_hal_adc_ex.c...
compiling stm32f1xx_hal_rcc_ex.c...
compiling stm32f1xx_hal_adc.c...
compiling stm32f1xx_hal_rcc.c...
compiling stm32f1xx_hal_gpio.c...
compiling stm32f1xx_hal_dma.c...
compiling stm32f1xx_hal_cortex.c...
compiling stm32f1xx_hal_pwr.c...
compiling stm32f1xx_hal_flash.c...
compiling stm32f1xx_hal_flash_ex.c...
compiling stm32f1xx_hal_exti.c...
compiling system_stm32f1xx.c...
compiling stm32f1xx_hal_tim_ex.c...
compiling stm32f1xx_hal_uart.c...
compiling stm32f1xx_hal_tim.c...
linking...
Program Size: Code=14660 RO-data=604 RW-data=12 ZI-data=2156  
FromELF: creating hex file...
"new_shield\new_shield.axf" - 0 Error(s), 3 Warning(s).

<h2>Software Packages used:</h2>

Package Vendor: ARM
                http://www.keil.com/pack/ARM.CMSIS.5.9.0.pack
                ARM.CMSIS.5.9.0
                CMSIS (Common Microcontroller Software Interface Standard)
   * Component: CORE Version: 5.6.0

Package Vendor: Keil
                http://www.keil.com/pack/Keil.STM32F1xx_DFP.2.4.0.pack
                Keil.STM32F1xx_DFP.2.4.0
                STMicroelectronics STM32F1 Series Device Support, Drivers and Examples

<h2>Collection of Component include folders:</h2>
  ./RTE/_new_shield
  D:/Programs/Keil/KeilPacks/ARM/CMSIS/5.9.0/CMSIS/Core/Include
  D:/Programs/Keil/KeilPacks/Keil/STM32F1xx_DFP/2.4.0/Device/Include

<h2>Collection of Component Files used:</h2>

   * Component: ARM::CMSIS:CORE:5.6.0
      Include file:  CMSIS/Core/Include/tz_context.h
Build Time Elapsed:  00:00:02
</pre>
</body>
</html>
